---
source: tests/typescript.rs
expression: "String :: from_utf8(stderr.into_inner().unwrap()).unwrap()"
---

