---
source: tests/typescript.rs
expression: "String :: from_utf8(stdout.into_inner().unwrap()).unwrap()"
---
export namespace Bluetooth {
export type HandleRequestDevicePromptParameters = (({
"context":(string),"prompt":(string)}&(Bluetooth.HandleRequestDevicePromptAcceptParameters| Bluetooth.HandleRequestDevicePromptCancelParameters)));
}
export namespace Bluetooth {
export type HandleRequestDevicePromptAcceptParameters = ({
"accept":(true),"device":(string)});
}
export namespace Bluetooth {
export type HandleRequestDevicePromptCancelParameters = ({
"accept":(false)});
}
