---
source: tests/typescript.rs
assertion_line: 28
expression: "String::from_utf8(stdout.into_inner().unwrap()).unwrap()"
---
export type TerminalColor = (Basecolors);
export type Basecolors = ({
  "black":(0),  "red":(1),  "green":(2),  "yellow":(3),  "blue":(4),  "magenta":(5),  "cyan":(6),  "white":(7)});
export type ExtendedColor = ((Basecolors&{
  "orange":(8),  "pink":(9),  "purple":(10),  "brown":(11)}));

