---
source: tests/typescript.rs
expression: "String :: from_utf8(stdout.into_inner().unwrap()).unwrap()"
---
export type CapabilityRequest = ((Record<string, never>
));
export type CapabilitiesRequest = (({
"firstMatch":([
...((CapabilityRequest)[])])}));
