---
source: tests/typescript.rs
assertion_line: 28
expression: "String::from_utf8(stderr.into_inner().unwrap()).unwrap()"
---

