---
source: tests/typescript.rs
assertion_line: 32
expression: "String::from_utf8(stdout.into_inner().unwrap()).unwrap()"
---
export type A = (({
"foo":(string)}&({} |({
"bar":(string)}))));
export type B = (({
"foo":(string)}&({} |Bar)));
export type Bar = ({
"bar":(string)});

