---
source: tests/zod.rs
expression: "String::from_utf8(stdout.into_inner().unwrap()).unwrap()"
---
export const ExtensibleMapExampleSchema = z.lazy(() => z.object({
[z.literal("optional-key")]:z.number().int().optional()}).and(
z.record(
z.string(),z.any()))
);
export const ExtensibleMapExample2Schema = z.lazy(() => z.object({
[z.literal("optional-key")]:z.number().int().optional()}).and(
z.record(
z.string(),z.any()))
);
export const ExtensibleMapExample3Schema = z.lazy(() => z.object({
"optional-key":z.number().int().optional()}).and(
z.record(
z.string(),z.any()))
);
export const ExtensibleMapExample4Schema = z.lazy(() => z.record(
z.literal("optional-key"),z.number().int().optional()).and(
z.record(
z.string(),z.any()))
);

