---
source: tests/zod.rs
expression: "String :: from_utf8(stderr.into_inner().unwrap()).unwrap()"
---

