---
source: tests/zod.rs
assertion_line: 25
expression: "String::from_utf8(stderr.into_inner().unwrap()).unwrap()"
---

