---
source: tests/zod.rs
expression: "String :: from_utf8(stdout.into_inner().unwrap()).unwrap()"
---
export const CapabilityRequestSchema = z.lazy(() => z.object({
}));
export const CapabilitiesRequestSchema = z.lazy(() => z.object({
"firstMatch":z.array(CapabilityRequestSchema)}));
